# Copyright (c) 2023-2025 Huawei Device Co., Ltd.
# Licensed under the Apache License, Version 2.0 (the "License");
# you may not use this file except in compliance with the License.
# You may obtain a copy of the License at
#
# http://www.apache.org/licenses/LICENSE-2.0
#
# Unless required by applicable law or agreed to in writing, software
# distributed under the License is distributed on an "AS IS" BASIS,
# WITHOUT WARRANTIES OR CONDITIONS OF ANY KIND, either express or implied.
# See the License for the specific language governing permissions and
# limitations under the License.

1.0 {
  global:
    OH_Huks_InitExtParamSet;
    OH_Huks_AddExtParams;
    OH_Huks_BuildExtParamSet;
    OH_Huks_FreeExtParamSet;
    OH_Huks_GetExtParam;

    OH_Huks_OpenRemoteHandle;
    OH_Huks_CloseRemoteHandle;
    OH_Huks_AuthUkeyPin;
    OH_Huks_GetUkeyPinAuthState;
    OH_Huks_RegisterProvider;
    OH_Huks_UnregisterProvider;
    OH_Huks_ExportProviderCertificates;
    OH_Huks_ExportCertificate;
    OH_Huks_GetRemoteProperty;
  local: *;
};